max: 39.558197, min: -53.022568
absolute eb: 4.629038E-01
frequent quantization index = -3
Min=-53.0225677490234375, Max=39.558197021484375, range=92.5807647705078125
Max absolute error = 0.46
Max relative error = 0.005
Max pw relative error = 1
PSNR = 50.812437, NRMSE= 0.002879904823
normError = 1333.118955, normErr_norm = 0.028030
acEff=0.999584
SSE=1777206.147398
MSE=0.0710882459
nw = 2867423
SSIM = 0.909984
zero count = 1363051
zero ratio = 0.054522
::first boundary time time = 0.289847s
::first edt time time = 2.2746s
::first sign time = 0.0573464s
::second boundary time = 0.141392s
::second edt time = 2.71077s
::compensation time = 0.0574776s
compensation time = 5.64786
Min=-53.0225677490234375, Max=39.558197021484375, range=92.5807647705078125
Max absolute error = 0.86
Max relative error = 0.0093
Max pw relative error = 1.7E+05
PSNR = 54.498036, NRMSE= 0.001884074951
normError = 872.145499, normErr_norm = 0.018362
acEff=0.999822
SSE=760637.771765
MSE=0.0304255109
nw = 2867423
SSIM = 0.969971
max: 39.558197, min: -53.022568
absolute eb: 4.629038E-01
frequent quantization index = -3
Min=-53.0225677490234375, Max=39.558197021484375, range=92.5807647705078125
Max absolute error = 0.46
Max relative error = 0.005
Max pw relative error = 1
PSNR = 50.812437, NRMSE= 0.002879904823
normError = 1333.118955, normErr_norm = 0.028030
acEff=0.999584
SSE=1777206.147398
MSE=0.0710882459
nw = 2867423
SSIM = 0.909984
zero count = 1363051
zero ratio = 0.054522
::first boundary time time = 0.289679s
::first edt time time = 2.25504s
::first sign time = 0.0570748s
::second boundary time = 0.140735s
::second edt time = 2.69993s
::compensation time = 0.0578348s
compensation time = 5.61694
Min=-53.0225677490234375, Max=39.558197021484375, range=92.5807647705078125
Max absolute error = 0.86
Max relative error = 0.0093
Max pw relative error = 1.7E+05
PSNR = 54.498036, NRMSE= 0.001884074951
normError = 872.145499, normErr_norm = 0.018362
acEff=0.999822
SSE=760637.771765
MSE=0.0304255109
nw = 2867423
SSIM = 0.969971
max: 39.558197, min: -53.022568
absolute eb: 4.629038E-01
frequent quantization index = -3
Min=-53.0225677490234375, Max=39.558197021484375, range=92.5807647705078125
Max absolute error = 0.46
Max relative error = 0.005
Max pw relative error = 1
PSNR = 50.812437, NRMSE= 0.002879904823
normError = 1333.118955, normErr_norm = 0.028030
acEff=0.999584
SSE=1777206.147398
MSE=0.0710882459
nw = 2867423
SSIM = 0.909984
zero count = 1363051
zero ratio = 0.054522
::first boundary time time = 0.291101s
::first edt time time = 2.26782s
::first sign time = 0.0626443s
::second boundary time = 0.141654s
::second edt time = 2.70363s
::compensation time = 0.0689464s
compensation time = 5.65281
Min=-53.0225677490234375, Max=39.558197021484375, range=92.5807647705078125
Max absolute error = 0.86
Max relative error = 0.0093
Max pw relative error = 1.7E+05
PSNR = 54.498036, NRMSE= 0.001884074951
normError = 872.145499, normErr_norm = 0.018362
acEff=0.999822
SSE=760637.771765
MSE=0.0304255109
nw = 2867423
SSIM = 0.969971
max: 39.558197, min: -53.022568
absolute eb: 4.629038E-01
frequent quantization index = -3
Min=-53.0225677490234375, Max=39.558197021484375, range=92.5807647705078125
Max absolute error = 0.46
Max relative error = 0.005
Max pw relative error = 1
PSNR = 50.812437, NRMSE= 0.002879904823
normError = 1333.118955, normErr_norm = 0.028030
acEff=0.999584
SSE=1777206.147398
MSE=0.0710882459
nw = 2867423
SSIM = 0.909984
zero count = 1363051
zero ratio = 0.054522
::first boundary time time = 0.290041s
::first edt time time = 2.26829s
::first sign time = 0.0572238s
::second boundary time = 0.141344s
::second edt time = 2.7048s
::compensation time = 0.0581475s
compensation time = 5.63615
Min=-53.0225677490234375, Max=39.558197021484375, range=92.5807647705078125
Max absolute error = 0.86
Max relative error = 0.0093
Max pw relative error = 1.7E+05
PSNR = 54.498036, NRMSE= 0.001884074951
normError = 872.145499, normErr_norm = 0.018362
acEff=0.999822
SSE=760637.771765
MSE=0.0304255109
nw = 2867423
SSIM = 0.969971
max: 39.558197, min: -53.022568
absolute eb: 4.629038E-01
frequent quantization index = -3
Min=-53.0225677490234375, Max=39.558197021484375, range=92.5807647705078125
Max absolute error = 0.46
Max relative error = 0.005
Max pw relative error = 1
PSNR = 50.812437, NRMSE= 0.002879904823
normError = 1333.118955, normErr_norm = 0.028030
acEff=0.999584
SSE=1777206.147398
MSE=0.0710882459
nw = 2867423
SSIM = 0.909984
zero count = 1363051
zero ratio = 0.054522
::first boundary time time = 0.289613s
::first edt time time = 2.31801s
::first sign time = 0.0649521s
::second boundary time = 0.140853s
::second edt time = 2.70418s
::compensation time = 0.0730417s
compensation time = 5.7101
Min=-53.0225677490234375, Max=39.558197021484375, range=92.5807647705078125
Max absolute error = 0.86
Max relative error = 0.0093
Max pw relative error = 1.7E+05
PSNR = 54.498036, NRMSE= 0.001884074951
normError = 872.145499, normErr_norm = 0.018362
acEff=0.999822
SSE=760637.771765
MSE=0.0304255109
nw = 2867423
SSIM = 0.969971
max: 39.558197, min: -53.022568
absolute eb: 4.629038E-01
frequent quantization index = -3
Min=-53.0225677490234375, Max=39.558197021484375, range=92.5807647705078125
Max absolute error = 0.46
Max relative error = 0.005
Max pw relative error = 1
PSNR = 50.812437, NRMSE= 0.002879904823
normError = 1333.118955, normErr_norm = 0.028030
acEff=0.999584
SSE=1777206.147398
MSE=0.0710882459
nw = 2867423
SSIM = 0.909984
zero count = 1363051
zero ratio = 0.054522
::first boundary time time = 0.152159s
::first edt time time = 1.341s
::first sign time = 0.029787s
::second boundary time = 0.0752637s
::second edt time = 1.67894s
::compensation time = 0.040499s
compensation time = 3.40157
Min=-53.0225677490234375, Max=39.558197021484375, range=92.5807647705078125
Max absolute error = 0.86
Max relative error = 0.0093
Max pw relative error = 1.7E+05
PSNR = 54.498036, NRMSE= 0.001884074951
normError = 872.145499, normErr_norm = 0.018362
acEff=0.999822
SSE=760637.771765
MSE=0.0304255109
nw = 2867423
SSIM = 0.969971
max: 39.558197, min: -53.022568
absolute eb: 4.629038E-01
frequent quantization index = -3
Min=-53.0225677490234375, Max=39.558197021484375, range=92.5807647705078125
Max absolute error = 0.46
Max relative error = 0.005
Max pw relative error = 1
PSNR = 50.812437, NRMSE= 0.002879904823
normError = 1333.118955, normErr_norm = 0.028030
acEff=0.999584
SSE=1777206.147398
MSE=0.0710882459
nw = 2867423
SSIM = 0.909984
zero count = 1363051
zero ratio = 0.054522
::first boundary time time = 0.151731s
::first edt time time = 1.49495s
::first sign time = 0.0300168s
::second boundary time = 0.0760672s
::second edt time = 1.69477s
::compensation time = 0.0394247s
compensation time = 3.57306
Min=-53.0225677490234375, Max=39.558197021484375, range=92.5807647705078125
Max absolute error = 0.86
Max relative error = 0.0093
Max pw relative error = 1.7E+05
PSNR = 54.498036, NRMSE= 0.001884074951
normError = 872.145499, normErr_norm = 0.018362
acEff=0.999822
SSE=760637.771765
MSE=0.0304255109
nw = 2867423
SSIM = 0.969971
max: 39.558197, min: -53.022568
absolute eb: 4.629038E-01
frequent quantization index = -3
Min=-53.0225677490234375, Max=39.558197021484375, range=92.5807647705078125
Max absolute error = 0.46
Max relative error = 0.005
Max pw relative error = 1
PSNR = 50.812437, NRMSE= 0.002879904823
normError = 1333.118955, normErr_norm = 0.028030
acEff=0.999584
SSE=1777206.147398
MSE=0.0710882459
nw = 2867423
SSIM = 0.909984
zero count = 1363051
zero ratio = 0.054522
::first boundary time time = 0.152884s
::first edt time time = 1.49537s
::first sign time = 0.0297189s
::second boundary time = 0.0744957s
::second edt time = 1.66709s
::compensation time = 0.0358119s
compensation time = 3.54416
Min=-53.0225677490234375, Max=39.558197021484375, range=92.5807647705078125
Max absolute error = 0.86
Max relative error = 0.0093
Max pw relative error = 1.7E+05
PSNR = 54.498036, NRMSE= 0.001884074951
normError = 872.145499, normErr_norm = 0.018362
acEff=0.999822
SSE=760637.771765
MSE=0.0304255109
nw = 2867423
SSIM = 0.969971
max: 39.558197, min: -53.022568
absolute eb: 4.629038E-01
frequent quantization index = -3
Min=-53.0225677490234375, Max=39.558197021484375, range=92.5807647705078125
Max absolute error = 0.46
Max relative error = 0.005
Max pw relative error = 1
PSNR = 50.812437, NRMSE= 0.002879904823
normError = 1333.118955, normErr_norm = 0.028030
acEff=0.999584
SSE=1777206.147398
MSE=0.0710882459
nw = 2867423
SSIM = 0.909984
zero count = 1363051
zero ratio = 0.054522
::first boundary time time = 0.151488s
::first edt time time = 1.25053s
::first sign time = 0.028605s
::second boundary time = 0.0752228s
::second edt time = 1.47225s
::compensation time = 0.0370927s
compensation time = 3.09341
Min=-53.0225677490234375, Max=39.558197021484375, range=92.5807647705078125
Max absolute error = 0.86
Max relative error = 0.0093
Max pw relative error = 1.7E+05
PSNR = 54.498036, NRMSE= 0.001884074951
normError = 872.145499, normErr_norm = 0.018362
acEff=0.999822
SSE=760637.771765
MSE=0.0304255109
nw = 2867423
SSIM = 0.969971
max: 39.558197, min: -53.022568
absolute eb: 4.629038E-01
frequent quantization index = -3
Min=-53.0225677490234375, Max=39.558197021484375, range=92.5807647705078125
Max absolute error = 0.46
Max relative error = 0.005
Max pw relative error = 1
PSNR = 50.812437, NRMSE= 0.002879904823
normError = 1333.118955, normErr_norm = 0.028030
acEff=0.999584
SSE=1777206.147398
MSE=0.0710882459
nw = 2867423
SSIM = 0.909984
zero count = 1363051
zero ratio = 0.054522
::first boundary time time = 0.152406s
::first edt time time = 1.50063s
::first sign time = 0.029998s
::second boundary time = 0.0767546s
::second edt time = 1.69502s
::compensation time = 0.0390165s
compensation time = 3.58143
Min=-53.0225677490234375, Max=39.558197021484375, range=92.5807647705078125
Max absolute error = 0.86
Max relative error = 0.0093
Max pw relative error = 1.7E+05
PSNR = 54.498036, NRMSE= 0.001884074951
normError = 872.145499, normErr_norm = 0.018362
acEff=0.999822
SSE=760637.771765
MSE=0.0304255109
nw = 2867423
SSIM = 0.969971
max: 39.558197, min: -53.022568
absolute eb: 4.629038E-01
frequent quantization index = -3
Min=-53.0225677490234375, Max=39.558197021484375, range=92.5807647705078125
Max absolute error = 0.46
Max relative error = 0.005
Max pw relative error = 1
PSNR = 50.812437, NRMSE= 0.002879904823
normError = 1333.118955, normErr_norm = 0.028030
acEff=0.999584
SSE=1777206.147398
MSE=0.0710882459
nw = 2867423
SSIM = 0.909984
zero count = 1363051
zero ratio = 0.054522
::first boundary time time = 0.0819167s
::first edt time time = 0.788371s
::first sign time = 0.015296s
::second boundary time = 0.0416211s
::second edt time = 0.833909s
::compensation time = 0.0202059s
compensation time = 1.84088
Min=-53.0225677490234375, Max=39.558197021484375, range=92.5807647705078125
Max absolute error = 0.86
Max relative error = 0.0093
Max pw relative error = 1.7E+05
PSNR = 54.498036, NRMSE= 0.001884074951
normError = 872.145499, normErr_norm = 0.018362
acEff=0.999822
SSE=760637.771765
MSE=0.0304255109
nw = 2867423
SSIM = 0.969971
max: 39.558197, min: -53.022568
absolute eb: 4.629038E-01
frequent quantization index = -3
Min=-53.0225677490234375, Max=39.558197021484375, range=92.5807647705078125
Max absolute error = 0.46
Max relative error = 0.005
Max pw relative error = 1
PSNR = 50.812437, NRMSE= 0.002879904823
normError = 1333.118955, normErr_norm = 0.028030
acEff=0.999584
SSE=1777206.147398
MSE=0.0710882459
nw = 2867423
SSIM = 0.909984
zero count = 1363051
zero ratio = 0.054522
::first boundary time time = 0.082211s
::first edt time time = 0.747265s
::first sign time = 0.0151442s
::second boundary time = 0.0416753s
::second edt time = 0.926936s
::compensation time = 0.0214684s
compensation time = 1.89815
Min=-53.0225677490234375, Max=39.558197021484375, range=92.5807647705078125
Max absolute error = 0.86
Max relative error = 0.0093
Max pw relative error = 1.7E+05
PSNR = 54.498036, NRMSE= 0.001884074951
normError = 872.145499, normErr_norm = 0.018362
acEff=0.999822
SSE=760637.771765
MSE=0.0304255109
nw = 2867423
SSIM = 0.969971
max: 39.558197, min: -53.022568
absolute eb: 4.629038E-01
frequent quantization index = -3
Min=-53.0225677490234375, Max=39.558197021484375, range=92.5807647705078125
Max absolute error = 0.46
Max relative error = 0.005
Max pw relative error = 1
PSNR = 50.812437, NRMSE= 0.002879904823
normError = 1333.118955, normErr_norm = 0.028030
acEff=0.999584
SSE=1777206.147398
MSE=0.0710882459
nw = 2867423
SSIM = 0.909984
zero count = 1363051
zero ratio = 0.054522
::first boundary time time = 0.0823813s
::first edt time time = 0.801523s
::first sign time = 0.0152969s
::second boundary time = 0.041507s
::second edt time = 0.948854s
::compensation time = 0.0210667s
compensation time = 1.97542
Min=-53.0225677490234375, Max=39.558197021484375, range=92.5807647705078125
Max absolute error = 0.86
Max relative error = 0.0093
Max pw relative error = 1.7E+05
PSNR = 54.498036, NRMSE= 0.001884074951
normError = 872.145499, normErr_norm = 0.018362
acEff=0.999822
SSE=760637.771765
MSE=0.0304255109
nw = 2867423
SSIM = 0.969971
max: 39.558197, min: -53.022568
absolute eb: 4.629038E-01
frequent quantization index = -3
Min=-53.0225677490234375, Max=39.558197021484375, range=92.5807647705078125
Max absolute error = 0.46
Max relative error = 0.005
Max pw relative error = 1
PSNR = 50.812437, NRMSE= 0.002879904823
normError = 1333.118955, normErr_norm = 0.028030
acEff=0.999584
SSE=1777206.147398
MSE=0.0710882459
nw = 2867423
SSIM = 0.909984
zero count = 1363051
zero ratio = 0.054522
::first boundary time time = 0.0821848s
::first edt time time = 0.737833s
::first sign time = 0.0151386s
::second boundary time = 0.0412659s
::second edt time = 0.834725s
::compensation time = 0.0199025s
compensation time = 1.79034
Min=-53.0225677490234375, Max=39.558197021484375, range=92.5807647705078125
Max absolute error = 0.86
Max relative error = 0.0093
Max pw relative error = 1.7E+05
PSNR = 54.498036, NRMSE= 0.001884074951
normError = 872.145499, normErr_norm = 0.018362
acEff=0.999822
SSE=760637.771765
MSE=0.0304255109
nw = 2867423
SSIM = 0.969971
max: 39.558197, min: -53.022568
absolute eb: 4.629038E-01
frequent quantization index = -3
Min=-53.0225677490234375, Max=39.558197021484375, range=92.5807647705078125
Max absolute error = 0.46
Max relative error = 0.005
Max pw relative error = 1
PSNR = 50.812437, NRMSE= 0.002879904823
normError = 1333.118955, normErr_norm = 0.028030
acEff=0.999584
SSE=1777206.147398
MSE=0.0710882459
nw = 2867423
SSIM = 0.909984
zero count = 1363051
zero ratio = 0.054522
::first boundary time time = 0.0823109s
::first edt time time = 0.741196s
::first sign time = 0.0151057s
::second boundary time = 0.0413559s
::second edt time = 0.839676s
::compensation time = 0.0193364s
compensation time = 1.7965
Min=-53.0225677490234375, Max=39.558197021484375, range=92.5807647705078125
Max absolute error = 0.86
Max relative error = 0.0093
Max pw relative error = 1.7E+05
PSNR = 54.498036, NRMSE= 0.001884074951
normError = 872.145499, normErr_norm = 0.018362
acEff=0.999822
SSE=760637.771765
MSE=0.0304255109
nw = 2867423
SSIM = 0.969971
max: 39.558197, min: -53.022568
absolute eb: 4.629038E-01
frequent quantization index = -3
Min=-53.0225677490234375, Max=39.558197021484375, range=92.5807647705078125
Max absolute error = 0.46
Max relative error = 0.005
Max pw relative error = 1
PSNR = 50.812437, NRMSE= 0.002879904823
normError = 1333.118955, normErr_norm = 0.028030
acEff=0.999584
SSE=1777206.147398
MSE=0.0710882459
nw = 2867423
SSIM = 0.909984
zero count = 1363051
zero ratio = 0.054522
::first boundary time time = 0.0452028s
::first edt time time = 0.425434s
::first sign time = 0.00789237s
::second boundary time = 0.0226702s
::second edt time = 0.478065s
::compensation time = 0.00734234s
compensation time = 1.04145
Min=-53.0225677490234375, Max=39.558197021484375, range=92.5807647705078125
Max absolute error = 0.86
Max relative error = 0.0093
Max pw relative error = 1.7E+05
PSNR = 54.498036, NRMSE= 0.001884074951
normError = 872.145499, normErr_norm = 0.018362
acEff=0.999822
SSE=760637.771765
MSE=0.0304255109
nw = 2867423
SSIM = 0.969971
max: 39.558197, min: -53.022568
absolute eb: 4.629038E-01
frequent quantization index = -3
Min=-53.0225677490234375, Max=39.558197021484375, range=92.5807647705078125
Max absolute error = 0.46
Max relative error = 0.005
Max pw relative error = 1
PSNR = 50.812437, NRMSE= 0.002879904823
normError = 1333.118955, normErr_norm = 0.028030
acEff=0.999584
SSE=1777206.147398
MSE=0.0710882459
nw = 2867423
SSIM = 0.909984
zero count = 1363051
zero ratio = 0.054522
::first boundary time time = 0.0450962s
::first edt time time = 0.420924s
::first sign time = 0.00794085s
::second boundary time = 0.0225948s
::second edt time = 0.470264s
::compensation time = 0.00842776s
compensation time = 1.02825
Min=-53.0225677490234375, Max=39.558197021484375, range=92.5807647705078125
Max absolute error = 0.86
Max relative error = 0.0093
Max pw relative error = 1.7E+05
PSNR = 54.498036, NRMSE= 0.001884074951
normError = 872.145499, normErr_norm = 0.018362
acEff=0.999822
SSE=760637.771765
MSE=0.0304255109
nw = 2867423
SSIM = 0.969971
max: 39.558197, min: -53.022568
absolute eb: 4.629038E-01
frequent quantization index = -3
Min=-53.0225677490234375, Max=39.558197021484375, range=92.5807647705078125
Max absolute error = 0.46
Max relative error = 0.005
Max pw relative error = 1
PSNR = 50.812437, NRMSE= 0.002879904823
normError = 1333.118955, normErr_norm = 0.028030
acEff=0.999584
SSE=1777206.147398
MSE=0.0710882459
nw = 2867423
SSIM = 0.909984
zero count = 1363051
zero ratio = 0.054522
::first boundary time time = 0.0448442s
::first edt time time = 0.441374s
::first sign time = 0.00808192s
::second boundary time = 0.0226024s
::second edt time = 0.472729s
::compensation time = 0.00721413s
compensation time = 1.05002
Min=-53.0225677490234375, Max=39.558197021484375, range=92.5807647705078125
Max absolute error = 0.86
Max relative error = 0.0093
Max pw relative error = 1.7E+05
PSNR = 54.498036, NRMSE= 0.001884074951
normError = 872.145499, normErr_norm = 0.018362
acEff=0.999822
SSE=760637.771765
MSE=0.0304255109
nw = 2867423
SSIM = 0.969971
max: 39.558197, min: -53.022568
absolute eb: 4.629038E-01
frequent quantization index = -3
Min=-53.0225677490234375, Max=39.558197021484375, range=92.5807647705078125
Max absolute error = 0.46
Max relative error = 0.005
Max pw relative error = 1
PSNR = 50.812437, NRMSE= 0.002879904823
normError = 1333.118955, normErr_norm = 0.028030
acEff=0.999584
SSE=1777206.147398
MSE=0.0710882459
nw = 2867423
SSIM = 0.909984
zero count = 1363051
zero ratio = 0.054522
::first boundary time time = 0.0449608s
::first edt time time = 0.438839s
::first sign time = 0.00823434s
::second boundary time = 0.0226687s
::second edt time = 0.477685s
::compensation time = 0.00733408s
compensation time = 1.05551
Min=-53.0225677490234375, Max=39.558197021484375, range=92.5807647705078125
Max absolute error = 0.86
Max relative error = 0.0093
Max pw relative error = 1.7E+05
PSNR = 54.498036, NRMSE= 0.001884074951
normError = 872.145499, normErr_norm = 0.018362
acEff=0.999822
SSE=760637.771765
MSE=0.0304255109
nw = 2867423
SSIM = 0.969971
max: 39.558197, min: -53.022568
absolute eb: 4.629038E-01
frequent quantization index = -3
Min=-53.0225677490234375, Max=39.558197021484375, range=92.5807647705078125
Max absolute error = 0.46
Max relative error = 0.005
Max pw relative error = 1
PSNR = 50.812437, NRMSE= 0.002879904823
normError = 1333.118955, normErr_norm = 0.028030
acEff=0.999584
SSE=1777206.147398
MSE=0.0710882459
nw = 2867423
SSIM = 0.909984
zero count = 1363051
zero ratio = 0.054522
::first boundary time time = 0.0451616s
::first edt time time = 0.424087s
::first sign time = 0.00852951s
::second boundary time = 0.0226463s
::second edt time = 0.473152s
::compensation time = 0.00784669s
compensation time = 1.03569
Min=-53.0225677490234375, Max=39.558197021484375, range=92.5807647705078125
Max absolute error = 0.86
Max relative error = 0.0093
Max pw relative error = 1.7E+05
PSNR = 54.498036, NRMSE= 0.001884074951
normError = 872.145499, normErr_norm = 0.018362
acEff=0.999822
SSE=760637.771765
MSE=0.0304255109
nw = 2867423
SSIM = 0.969971
max: 39.558197, min: -53.022568
absolute eb: 4.629038E-01
frequent quantization index = -3
Min=-53.0225677490234375, Max=39.558197021484375, range=92.5807647705078125
Max absolute error = 0.46
Max relative error = 0.005
Max pw relative error = 1
PSNR = 50.812437, NRMSE= 0.002879904823
normError = 1333.118955, normErr_norm = 0.028030
acEff=0.999584
SSE=1777206.147398
MSE=0.0710882459
nw = 2867423
SSIM = 0.909984
zero count = 1363051
zero ratio = 0.054522
::first boundary time time = 0.0261674s
::first edt time time = 0.23028s
::first sign time = 0.00551545s
::second boundary time = 0.0129814s
::second edt time = 0.250377s
::compensation time = 0.00714037s
compensation time = 0.579616
Min=-53.0225677490234375, Max=39.558197021484375, range=92.5807647705078125
Max absolute error = 0.86
Max relative error = 0.0093
Max pw relative error = 1.7E+05
PSNR = 54.498036, NRMSE= 0.001884074951
normError = 872.145499, normErr_norm = 0.018362
acEff=0.999822
SSE=760637.771765
MSE=0.0304255109
nw = 2867423
SSIM = 0.969971
max: 39.558197, min: -53.022568
absolute eb: 4.629038E-01
frequent quantization index = -3
Min=-53.0225677490234375, Max=39.558197021484375, range=92.5807647705078125
Max absolute error = 0.46
Max relative error = 0.005
Max pw relative error = 1
PSNR = 50.812437, NRMSE= 0.002879904823
normError = 1333.118955, normErr_norm = 0.028030
acEff=0.999584
SSE=1777206.147398
MSE=0.0710882459
nw = 2867423
SSIM = 0.909984
zero count = 1363051
zero ratio = 0.054522
::first boundary time time = 0.0257089s
::first edt time time = 0.239079s
::first sign time = 0.00575874s
::second boundary time = 0.0127973s
::second edt time = 0.255705s
::compensation time = 0.00809737s
compensation time = 0.600076
Min=-53.0225677490234375, Max=39.558197021484375, range=92.5807647705078125
Max absolute error = 0.86
Max relative error = 0.0093
Max pw relative error = 1.7E+05
PSNR = 54.498036, NRMSE= 0.001884074951
normError = 872.145499, normErr_norm = 0.018362
acEff=0.999822
SSE=760637.771765
MSE=0.0304255109
nw = 2867423
SSIM = 0.969971
max: 39.558197, min: -53.022568
absolute eb: 4.629038E-01
frequent quantization index = -3
Min=-53.0225677490234375, Max=39.558197021484375, range=92.5807647705078125
Max absolute error = 0.46
Max relative error = 0.005
Max pw relative error = 1
PSNR = 50.812437, NRMSE= 0.002879904823
normError = 1333.118955, normErr_norm = 0.028030
acEff=0.999584
SSE=1777206.147398
MSE=0.0710882459
nw = 2867423
SSIM = 0.909984
zero count = 1363051
zero ratio = 0.054522
::first boundary time time = 0.0257252s
::first edt time time = 0.256898s
::first sign time = 0.00639487s
::second boundary time = 0.0125121s
::second edt time = 0.25986s
::compensation time = 0.00760107s
compensation time = 0.615404
Min=-53.0225677490234375, Max=39.558197021484375, range=92.5807647705078125
Max absolute error = 0.86
Max relative error = 0.0093
Max pw relative error = 1.7E+05
PSNR = 54.498036, NRMSE= 0.001884074951
normError = 872.145499, normErr_norm = 0.018362
acEff=0.999822
SSE=760637.771765
MSE=0.0304255109
nw = 2867423
SSIM = 0.969971
max: 39.558197, min: -53.022568
absolute eb: 4.629038E-01
frequent quantization index = -3
Min=-53.0225677490234375, Max=39.558197021484375, range=92.5807647705078125
Max absolute error = 0.46
Max relative error = 0.005
Max pw relative error = 1
PSNR = 50.812437, NRMSE= 0.002879904823
normError = 1333.118955, normErr_norm = 0.028030
acEff=0.999584
SSE=1777206.147398
MSE=0.0710882459
nw = 2867423
SSIM = 0.909984
zero count = 1363051
zero ratio = 0.054522
::first boundary time time = 0.0257098s
::first edt time time = 0.230423s
::first sign time = 0.00571114s
::second boundary time = 0.0128768s
::second edt time = 0.24774s
::compensation time = 0.00775276s
compensation time = 0.579089
Min=-53.0225677490234375, Max=39.558197021484375, range=92.5807647705078125
Max absolute error = 0.86
Max relative error = 0.0093
Max pw relative error = 1.7E+05
PSNR = 54.498036, NRMSE= 0.001884074951
normError = 872.145499, normErr_norm = 0.018362
acEff=0.999822
SSE=760637.771765
MSE=0.0304255109
nw = 2867423
SSIM = 0.969971
max: 39.558197, min: -53.022568
absolute eb: 4.629038E-01
frequent quantization index = -3
Min=-53.0225677490234375, Max=39.558197021484375, range=92.5807647705078125
Max absolute error = 0.46
Max relative error = 0.005
Max pw relative error = 1
PSNR = 50.812437, NRMSE= 0.002879904823
normError = 1333.118955, normErr_norm = 0.028030
acEff=0.999584
SSE=1777206.147398
MSE=0.0710882459
nw = 2867423
SSIM = 0.909984
zero count = 1363051
zero ratio = 0.054522
::first boundary time time = 0.0260577s
::first edt time time = 0.231618s
::first sign time = 0.00534251s
::second boundary time = 0.0130095s
::second edt time = 0.242206s
::compensation time = 0.00708547s
compensation time = 0.575223
Min=-53.0225677490234375, Max=39.558197021484375, range=92.5807647705078125
Max absolute error = 0.86
Max relative error = 0.0093
Max pw relative error = 1.7E+05
PSNR = 54.498036, NRMSE= 0.001884074951
normError = 872.145499, normErr_norm = 0.018362
acEff=0.999822
SSE=760637.771765
MSE=0.0304255109
nw = 2867423
SSIM = 0.969971
max: 39.558197, min: -53.022568
absolute eb: 4.629038E-01
frequent quantization index = -3
Min=-53.0225677490234375, Max=39.558197021484375, range=92.5807647705078125
Max absolute error = 0.46
Max relative error = 0.005
Max pw relative error = 1
PSNR = 50.812437, NRMSE= 0.002879904823
normError = 1333.118955, normErr_norm = 0.028030
acEff=0.999584
SSE=1777206.147398
MSE=0.0710882459
nw = 2867423
SSIM = 0.909984
zero count = 1363051
zero ratio = 0.054522
::first boundary time time = 0.0233166s
::first edt time time = 0.151715s
::first sign time = 0.00528339s
::second boundary time = 0.00779601s
::second edt time = 0.157208s
::compensation time = 0.00759896s
compensation time = 0.400666
Min=-53.0225677490234375, Max=39.558197021484375, range=92.5807647705078125
Max absolute error = 0.86
Max relative error = 0.0093
Max pw relative error = 1.7E+05
PSNR = 54.498036, NRMSE= 0.001884074951
normError = 872.145499, normErr_norm = 0.018362
acEff=0.999822
SSE=760637.771765
MSE=0.0304255109
nw = 2867423
SSIM = 0.969971
max: 39.558197, min: -53.022568
absolute eb: 4.629038E-01
frequent quantization index = -3
Min=-53.0225677490234375, Max=39.558197021484375, range=92.5807647705078125
Max absolute error = 0.46
Max relative error = 0.005
Max pw relative error = 1
PSNR = 50.812437, NRMSE= 0.002879904823
normError = 1333.118955, normErr_norm = 0.028030
acEff=0.999584
SSE=1777206.147398
MSE=0.0710882459
nw = 2867423
SSIM = 0.909984
zero count = 1363051
zero ratio = 0.054522
::first boundary time time = 0.0171566s
::first edt time time = 0.136572s
::first sign time = 0.00509468s
::second boundary time = 0.00765323s
::second edt time = 0.149327s
::compensation time = 0.00749586s
compensation time = 0.372433
Min=-53.0225677490234375, Max=39.558197021484375, range=92.5807647705078125
Max absolute error = 0.86
Max relative error = 0.0093
Max pw relative error = 1.7E+05
PSNR = 54.498036, NRMSE= 0.001884074951
normError = 872.145499, normErr_norm = 0.018362
acEff=0.999822
SSE=760637.771765
MSE=0.0304255109
nw = 2867423
SSIM = 0.969971
max: 39.558197, min: -53.022568
absolute eb: 4.629038E-01
frequent quantization index = -3
Min=-53.0225677490234375, Max=39.558197021484375, range=92.5807647705078125
Max absolute error = 0.46
Max relative error = 0.005
Max pw relative error = 1
PSNR = 50.812437, NRMSE= 0.002879904823
normError = 1333.118955, normErr_norm = 0.028030
acEff=0.999584
SSE=1777206.147398
MSE=0.0710882459
nw = 2867423
SSIM = 0.909984
zero count = 1363051
zero ratio = 0.054522
::first boundary time time = 0.0279227s
::first edt time time = 0.1378s
::first sign time = 0.0039676s
::second boundary time = 0.00890083s
::second edt time = 0.146976s
::compensation time = 0.00670377s
compensation time = 0.379359
Min=-53.0225677490234375, Max=39.558197021484375, range=92.5807647705078125
Max absolute error = 0.86
Max relative error = 0.0093
Max pw relative error = 1.7E+05
PSNR = 54.498036, NRMSE= 0.001884074951
normError = 872.145499, normErr_norm = 0.018362
acEff=0.999822
SSE=760637.771765
MSE=0.0304255109
nw = 2867423
SSIM = 0.969971
max: 39.558197, min: -53.022568
absolute eb: 4.629038E-01
frequent quantization index = -3
Min=-53.0225677490234375, Max=39.558197021484375, range=92.5807647705078125
Max absolute error = 0.46
Max relative error = 0.005
Max pw relative error = 1
PSNR = 50.812437, NRMSE= 0.002879904823
normError = 1333.118955, normErr_norm = 0.028030
acEff=0.999584
SSE=1777206.147398
MSE=0.0710882459
nw = 2867423
SSIM = 0.909984
zero count = 1363051
zero ratio = 0.054522
::first boundary time time = 0.0172642s
::first edt time time = 0.137142s
::first sign time = 0.00519783s
::second boundary time = 0.00787064s
::second edt time = 0.146339s
::compensation time = 0.00752574s
compensation time = 0.372954
Min=-53.0225677490234375, Max=39.558197021484375, range=92.5807647705078125
Max absolute error = 0.86
Max relative error = 0.0093
Max pw relative error = 1.7E+05
PSNR = 54.498036, NRMSE= 0.001884074951
normError = 872.145499, normErr_norm = 0.018362
acEff=0.999822
SSE=760637.771765
MSE=0.0304255109
nw = 2867423
SSIM = 0.969971
max: 39.558197, min: -53.022568
absolute eb: 4.629038E-01
frequent quantization index = -3
Min=-53.0225677490234375, Max=39.558197021484375, range=92.5807647705078125
Max absolute error = 0.46
Max relative error = 0.005
Max pw relative error = 1
PSNR = 50.812437, NRMSE= 0.002879904823
normError = 1333.118955, normErr_norm = 0.028030
acEff=0.999584
SSE=1777206.147398
MSE=0.0710882459
nw = 2867423
SSIM = 0.909984
zero count = 1363051
zero ratio = 0.054522
::first boundary time time = 0.0295546s
::first edt time time = 0.137079s
::first sign time = 0.00509532s
::second boundary time = 0.00977051s
::second edt time = 0.145727s
::compensation time = 0.00743547s
compensation time = 0.384469
Min=-53.0225677490234375, Max=39.558197021484375, range=92.5807647705078125
Max absolute error = 0.86
Max relative error = 0.0093
Max pw relative error = 1.7E+05
PSNR = 54.498036, NRMSE= 0.001884074951
normError = 872.145499, normErr_norm = 0.018362
acEff=0.999822
SSE=760637.771765
MSE=0.0304255109
nw = 2867423
SSIM = 0.969971
max: 39.558197, min: -53.022568
absolute eb: 4.629038E-01
frequent quantization index = -3
Min=-53.0225677490234375, Max=39.558197021484375, range=92.5807647705078125
Max absolute error = 0.46
Max relative error = 0.005
Max pw relative error = 1
PSNR = 50.812437, NRMSE= 0.002879904823
normError = 1333.118955, normErr_norm = 0.028030
acEff=0.999584
SSE=1777206.147398
MSE=0.0710882459
nw = 2867423
SSIM = 0.909984
zero count = 1363051
zero ratio = 0.054522
::first boundary time time = 0.0233208s
::first edt time time = 0.0810132s
::first sign time = 0.00491473s
::second boundary time = 0.00579778s
::second edt time = 0.0890557s
::compensation time = 0.00608448s
compensation time = 0.2573
Min=-53.0225677490234375, Max=39.558197021484375, range=92.5807647705078125
Max absolute error = 0.86
Max relative error = 0.0093
Max pw relative error = 1.7E+05
PSNR = 54.498036, NRMSE= 0.001884074951
normError = 872.145499, normErr_norm = 0.018362
acEff=0.999822
SSE=760637.771765
MSE=0.0304255109
nw = 2867423
SSIM = 0.969971
max: 39.558197, min: -53.022568
absolute eb: 4.629038E-01
frequent quantization index = -3
Min=-53.0225677490234375, Max=39.558197021484375, range=92.5807647705078125
Max absolute error = 0.46
Max relative error = 0.005
Max pw relative error = 1
PSNR = 50.812437, NRMSE= 0.002879904823
normError = 1333.118955, normErr_norm = 0.028030
acEff=0.999584
SSE=1777206.147398
MSE=0.0710882459
nw = 2867423
SSIM = 0.909984
zero count = 1363051
zero ratio = 0.054522
::first boundary time time = 0.0279152s
::first edt time time = 0.0852697s
::first sign time = 0.00482405s
::second boundary time = 0.00681961s
::second edt time = 0.0874491s
::compensation time = 0.00562756s
compensation time = 0.274488
Min=-53.0225677490234375, Max=39.558197021484375, range=92.5807647705078125
Max absolute error = 0.86
Max relative error = 0.0093
Max pw relative error = 1.7E+05
PSNR = 54.498036, NRMSE= 0.001884074951
normError = 872.145499, normErr_norm = 0.018362
acEff=0.999822
SSE=760637.771765
MSE=0.0304255109
nw = 2867423
SSIM = 0.969971
max: 39.558197, min: -53.022568
absolute eb: 4.629038E-01
frequent quantization index = -3
Min=-53.0225677490234375, Max=39.558197021484375, range=92.5807647705078125
Max absolute error = 0.46
Max relative error = 0.005
Max pw relative error = 1
PSNR = 50.812437, NRMSE= 0.002879904823
normError = 1333.118955, normErr_norm = 0.028030
acEff=0.999584
SSE=1777206.147398
MSE=0.0710882459
nw = 2867423
SSIM = 0.909984
zero count = 1363051
zero ratio = 0.054522
::first boundary time time = 0.0210009s
::first edt time time = 0.0810679s
::first sign time = 0.00626738s
::second boundary time = 0.00622861s
::second edt time = 0.0899965s
::compensation time = 0.00647829s
compensation time = 0.263609
Min=-53.0225677490234375, Max=39.558197021484375, range=92.5807647705078125
Max absolute error = 0.86
Max relative error = 0.0093
Max pw relative error = 1.7E+05
PSNR = 54.498036, NRMSE= 0.001884074951
normError = 872.145499, normErr_norm = 0.018362
acEff=0.999822
SSE=760637.771765
MSE=0.0304255109
nw = 2867423
SSIM = 0.969971
max: 39.558197, min: -53.022568
absolute eb: 4.629038E-01
frequent quantization index = -3
Min=-53.0225677490234375, Max=39.558197021484375, range=92.5807647705078125
Max absolute error = 0.46
Max relative error = 0.005
Max pw relative error = 1
PSNR = 50.812437, NRMSE= 0.002879904823
normError = 1333.118955, normErr_norm = 0.028030
acEff=0.999584
SSE=1777206.147398
MSE=0.0710882459
nw = 2867423
SSIM = 0.909984
zero count = 1363051
zero ratio = 0.054522
::first boundary time time = 0.0235613s
::first edt time time = 0.0858294s
::first sign time = 0.00497591s
::second boundary time = 0.006037s
::second edt time = 0.0899889s
::compensation time = 0.00644305s
compensation time = 0.263562
Min=-53.0225677490234375, Max=39.558197021484375, range=92.5807647705078125
Max absolute error = 0.86
Max relative error = 0.0093
Max pw relative error = 1.7E+05
PSNR = 54.498036, NRMSE= 0.001884074951
normError = 872.145499, normErr_norm = 0.018362
acEff=0.999822
SSE=760637.771765
MSE=0.0304255109
nw = 2867423
SSIM = 0.969971
max: 39.558197, min: -53.022568
absolute eb: 4.629038E-01
frequent quantization index = -3
Min=-53.0225677490234375, Max=39.558197021484375, range=92.5807647705078125
Max absolute error = 0.46
Max relative error = 0.005
Max pw relative error = 1
PSNR = 50.812437, NRMSE= 0.002879904823
normError = 1333.118955, normErr_norm = 0.028030
acEff=0.999584
SSE=1777206.147398
MSE=0.0710882459
nw = 2867423
SSIM = 0.909984
zero count = 1363051
zero ratio = 0.054522
::first boundary time time = 0.027225s
::first edt time time = 0.0827204s
::first sign time = 0.00478711s
::second boundary time = 0.00579144s
::second edt time = 0.0887601s
::compensation time = 0.00604072s
compensation time = 0.265009
Min=-53.0225677490234375, Max=39.558197021484375, range=92.5807647705078125
Max absolute error = 0.86
Max relative error = 0.0093
Max pw relative error = 1.7E+05
PSNR = 54.498036, NRMSE= 0.001884074951
normError = 872.145499, normErr_norm = 0.018362
acEff=0.999822
SSE=760637.771765
MSE=0.0304255109
nw = 2867423
SSIM = 0.969971
